
===========================================================================
 report_power
============================================================================
======================= min_ff_n40C_1v95 Corner ===================================

Group                    Internal    Switching      Leakage        Total
                            Power        Power        Power        Power (Watts)
------------------------------------------------------------------------
Sequential           4.252898e-05 3.918598e-05 7.394261e-10 8.171570e-05  13.3%
Combinational        1.180448e-04 3.216421e-04 1.315145e-08 4.397001e-04  71.8%
Clock                3.452346e-05 5.678719e-05 5.304953e-09 9.131595e-05  14.9%
Macro                0.000000e+00 0.000000e+00 0.000000e+00 0.000000e+00   0.0%
Pad                  0.000000e+00 0.000000e+00 0.000000e+00 0.000000e+00   0.0%
------------------------------------------------------------------------
Total                1.950972e-04 4.176152e-04 1.919599e-08 6.127317e-04 100.0%
                            31.8%        68.2%         0.0%

