
===========================================================================
report_checks -unconstrained
===========================================================================
======================= nom_ss_100C_1v60 Corner ===================================

Startpoint: wb_rst_i (input port clocked by clk)
Endpoint: _305_ (rising edge-triggered flip-flop clocked by clk)
Path Group: clk
Path Type: max

Fanout         Cap        Slew       Delay        Time   Description
---------------------------------------------------------------------------------------------
                                  0.000000    0.000000   clock clk (rise edge)
                                  5.570000    5.570000   clock network delay (propagated)
                                 12.500000   18.070000 ^ input external delay
     2    0.005168    0.000000    0.000000   18.070000 ^ wb_rst_i (in)
                                                         wb_rst_i (net)
                      0.000101    0.000050   18.070049 ^ input37/A (sky130_fd_sc_hd__buf_4)
     3    0.109794    0.482128    0.455064   18.525112 ^ input37/X (sky130_fd_sc_hd__buf_4)
                                                         net37 (net)
                      0.486964    0.039025   18.564137 ^ _153_/A1 (sky130_fd_sc_hd__a21oi_4)
     1    0.005215    0.116004    0.220190   18.784328 v _153_/Y (sky130_fd_sc_hd__a21oi_4)
                                                         _039_ (net)
                      0.116004    0.000203   18.784531 v hold50/A (sky130_fd_sc_hd__dlygate4sd3_1)
     1    0.004695    0.126682    1.175678   19.960209 v hold50/X (sky130_fd_sc_hd__dlygate4sd3_1)
                                                         net324 (net)
                      0.126682    0.000172   19.960381 v hold8/A (sky130_fd_sc_hd__dlygate4sd3_1)
    15    0.061840    0.591412    1.627594   21.587975 v hold8/X (sky130_fd_sc_hd__dlygate4sd3_1)
                                                         net282 (net)
                      0.591420    0.003103   21.591078 v hold51/A (sky130_fd_sc_hd__dlygate4sd3_1)
     7    0.044105    0.444210    1.740427   23.331505 v hold51/X (sky130_fd_sc_hd__dlygate4sd3_1)
                                                         net325 (net)
                      0.444210    0.001018   23.332521 v _160_/A (sky130_fd_sc_hd__nand2_2)
     2    0.016091    0.197121    0.320036   23.652557 ^ _160_/Y (sky130_fd_sc_hd__nand2_2)
                                                         _044_ (net)
                      0.197125    0.001180   23.653738 ^ hold52/A (sky130_fd_sc_hd__dlygate4sd3_1)
     5    0.050270    0.759494    1.608431   25.262169 ^ hold52/X (sky130_fd_sc_hd__dlygate4sd3_1)
                                                         net326 (net)
                      0.759494    0.002389   25.264557 ^ fanout124/A (sky130_fd_sc_hd__buf_6)
    33    0.138443    0.435616    0.664404   25.928961 ^ fanout124/X (sky130_fd_sc_hd__buf_6)
                                                         net124 (net)
                      0.435633    0.002396   25.931356 ^ _161_/A (sky130_fd_sc_hd__inv_2)
     2    0.007237    0.096802    0.177764   26.109121 v _161_/Y (sky130_fd_sc_hd__inv_2)
                                                         _000_ (net)
                      0.096802    0.000149   26.109270 v _233_/A2 (sky130_fd_sc_hd__a32o_1)
     1    0.002226    0.066538    0.436796   26.546066 v _233_/X (sky130_fd_sc_hd__a32o_1)
                                                         _009_ (net)
                      0.066538    0.000046   26.546112 v hold157/A (sky130_fd_sc_hd__dlygate4sd3_1)
     1    0.002171    0.100597    1.111266   27.657377 v hold157/X (sky130_fd_sc_hd__dlygate4sd3_1)
                                                         net431 (net)
                      0.100597    0.000064   27.657442 v hold41/A (sky130_fd_sc_hd__dlygate4sd3_1)
     1    0.002733    0.105044    1.136597   28.794039 v hold41/X (sky130_fd_sc_hd__dlygate4sd3_1)
                                                         net315 (net)
                      0.105044    0.000085   28.794123 v hold158/A (sky130_fd_sc_hd__dlygate4sd3_1)
     1    0.001883    0.097736    1.124366   29.918489 v hold158/X (sky130_fd_sc_hd__dlygate4sd3_1)
                                                         net432 (net)
                      0.097736    0.000053   29.918543 v _305_/D (sky130_fd_sc_hd__dfxtp_4)
                                             29.918543   data arrival time

                                 25.000000   25.000000   clock clk (rise edge)
                                  4.650000   29.650000   clock source latency
     2    0.031446    0.610000    0.000000   29.650000 ^ wb_clk_i (in)
                                                         wb_clk_i (net)
                      0.616759    0.003380   29.653379 ^ wire3/A (sky130_fd_sc_hd__buf_4)
     3    0.047807    0.223993    0.547843   30.201221 ^ wire3/X (sky130_fd_sc_hd__buf_4)
                                                         net274 (net)
                      0.224305    0.007475   30.208696 ^ wire2/A (sky130_fd_sc_hd__buf_6)
     3    0.110948    0.349998    0.452800   30.661497 ^ wire2/X (sky130_fd_sc_hd__buf_6)
                                                         net273 (net)
                      0.350392    0.009756   30.671253 ^ _155_/A1 (sky130_fd_sc_hd__mux2_1)
     3    0.054562    0.757933    0.854541   31.525795 ^ _155_/X (sky130_fd_sc_hd__mux2_1)
                                                         clk (net)
                      0.757939    0.003478   31.529272 ^ wire1/A (sky130_fd_sc_hd__buf_4)
     3    0.051614    0.241187    0.597908   32.127178 ^ wire1/X (sky130_fd_sc_hd__buf_4)
                                                         net272 (net)
                      0.241492    0.007770   32.134949 ^ clkbuf_0_clk/A (sky130_fd_sc_hd__clkbuf_16)
     9    0.097149    0.172826    0.387669   32.522617 ^ clkbuf_0_clk/X (sky130_fd_sc_hd__clkbuf_16)
                                                         clknet_0_clk (net)
                      0.173265    0.005983   32.528603 ^ clkbuf_2_2__f_clk/A (sky130_fd_sc_hd__clkbuf_16)
    21    0.066627    0.129988    0.324675   32.853275 ^ clkbuf_2_2__f_clk/X (sky130_fd_sc_hd__clkbuf_16)
                                                         clknet_2_2__leaf_clk (net)
                      0.130680    0.007429   32.860706 ^ _305_/CLK (sky130_fd_sc_hd__dfxtp_4)
                                 -0.250000   32.610703   clock uncertainty
                                  0.000000   32.610703   clock reconvergence pessimism
                                 -0.268158   32.342545   library setup time
                                             32.342545   data required time
---------------------------------------------------------------------------------------------
                                             32.342545   data required time
                                            -29.918543   data arrival time
---------------------------------------------------------------------------------------------
                                              2.424002   slack (MET)




===========================================================================
report_checks --slack_max -0.01
============================================================================
======================= nom_ss_100C_1v60 Corner ===================================

No paths found.


===========================================================================
 report_check_types -max_slew -max_cap -max_fanout -violators
============================================================================
======================= nom_ss_100C_1v60 Corner ===================================

max slew

Pin                                        Limit        Slew       Slack
------------------------------------------------------------------------
_152_/B                                 1.000000    1.535388   -0.535388 (VIOLATED)
ANTENNA__152__B/DIODE                   1.000000    1.535383   -0.535383 (VIOLATED)
ANTENNA_hold48_X/DIODE                  1.000000    1.533549   -0.533549 (VIOLATED)
hold48/X                                1.000000    1.533549   -0.533549 (VIOLATED)
ANTENNA__206__B1/DIODE                  1.000000    1.422040   -0.422040 (VIOLATED)
_206_/B1                                1.000000    1.422040   -0.422040 (VIOLATED)
ANTENNA_hold133_X/DIODE                 1.000000    1.422026   -0.422026 (VIOLATED)
hold133/X                               1.000000    1.422026   -0.422026 (VIOLATED)
_246_/A2                                1.000000    1.384651   -0.384651 (VIOLATED)
ANTENNA__246__A2/DIODE                  1.000000    1.384651   -0.384651 (VIOLATED)
ANTENNA_hold11_X/DIODE                  1.000000    1.384294   -0.384294 (VIOLATED)
hold11/X                                1.000000    1.384294   -0.384294 (VIOLATED)
_164_/A2                                1.000000    1.266365   -0.266365 (VIOLATED)
_163_/A2                                1.000000    1.266364   -0.266364 (VIOLATED)
ANTENNA__163__A2/DIODE                  1.000000    1.266363   -0.266363 (VIOLATED)
ANTENNA__164__A2/DIODE                  1.000000    1.266358   -0.266358 (VIOLATED)
_224_/A_N                               1.000000    1.266340   -0.266340 (VIOLATED)
ANTENNA__224__A_N/DIODE                 1.000000    1.266338   -0.266338 (VIOLATED)
ANTENNA_hold138_X/DIODE                 1.000000    1.266066   -0.266066 (VIOLATED)
hold138/X                               1.000000    1.266066   -0.266066 (VIOLATED)
_264_/B                                 1.000000    1.244151   -0.244151 (VIOLATED)
ANTENNA__264__B/DIODE                   1.000000    1.244141   -0.244141 (VIOLATED)
_269_/B                                 1.000000    1.244136   -0.244136 (VIOLATED)
ANTENNA__269__B/DIODE                   1.000000    1.244117   -0.244117 (VIOLATED)
_252_/B                                 1.000000    1.244022   -0.244022 (VIOLATED)
ANTENNA__252__B/DIODE                   1.000000    1.243977   -0.243977 (VIOLATED)
ANTENNA__237__B/DIODE                   1.000000    1.243616   -0.243616 (VIOLATED)
_237_/B                                 1.000000    1.243489   -0.243489 (VIOLATED)
_215_/B                                 1.000000    1.242827   -0.242827 (VIOLATED)
ANTENNA__215__B/DIODE                   1.000000    1.242784   -0.242784 (VIOLATED)
_169_/B1                                1.000000    1.242348   -0.242348 (VIOLATED)
ANTENNA__169__B1/DIODE                  1.000000    1.242259   -0.242259 (VIOLATED)
ANTENNA__168__B1/DIODE                  1.000000    1.242127   -0.242127 (VIOLATED)
_168_/B1                                1.000000    1.242047   -0.242047 (VIOLATED)
_198_/B                                 1.000000    1.241471   -0.241471 (VIOLATED)
ANTENNA__198__B/DIODE                   1.000000    1.241273   -0.241273 (VIOLATED)
_190_/B                                 1.000000    1.240750   -0.240750 (VIOLATED)
ANTENNA__190__B/DIODE                   1.000000    1.240730   -0.240730 (VIOLATED)
_173_/B                                 1.000000    1.214075   -0.214075 (VIOLATED)
ANTENNA__173__B/DIODE                   1.000000    1.213969   -0.213969 (VIOLATED)
_253_/B1                                1.000000    1.213792   -0.213792 (VIOLATED)
ANTENNA__253__B1/DIODE                  1.000000    1.213792   -0.213792 (VIOLATED)
ANTENNA_hold81_X/DIODE                  1.000000    1.213780   -0.213780 (VIOLATED)
hold81/X                                1.000000    1.213780   -0.213780 (VIOLATED)
_164_/B1                                1.000000    1.213321   -0.213321 (VIOLATED)
ANTENNA__164__B1/DIODE                  1.000000    1.212853   -0.212853 (VIOLATED)
_163_/B1                                1.000000    1.212476   -0.212476 (VIOLATED)
ANTENNA__163__B1/DIODE                  1.000000    1.212474   -0.212474 (VIOLATED)
_170_/B                                 1.000000    1.212471   -0.212471 (VIOLATED)
ANTENNA__170__B/DIODE                   1.000000    1.212200   -0.212200 (VIOLATED)
ANTENNA__156__X/DIODE                   1.000000    1.203337   -0.203337 (VIOLATED)
_156_/X                                 1.000000    1.203307   -0.203307 (VIOLATED)
_265_/B1                                1.000000    1.157282   -0.157283 (VIOLATED)
ANTENNA__265__B1/DIODE                  1.000000    1.157282   -0.157282 (VIOLATED)
ANTENNA_hold66_X/DIODE                  1.000000    1.157272   -0.157272 (VIOLATED)
hold66/X                                1.000000    1.157272   -0.157272 (VIOLATED)
ANTENNA__191__B1/DIODE                  1.000000    1.140803   -0.140803 (VIOLATED)
_191_/B1                                1.000000    1.140802   -0.140802 (VIOLATED)
ANTENNA_hold61_X/DIODE                  1.000000    1.140225   -0.140225 (VIOLATED)
hold61/X                                1.000000    1.140225   -0.140225 (VIOLATED)
wire134/A                               1.000000    1.131379   -0.131379 (VIOLATED)
ANTENNA_wire134_A/DIODE                 1.000000    1.131349   -0.131349 (VIOLATED)
_285_/A0                                1.000000    1.126096   -0.126096 (VIOLATED)
output77/A                              1.000000    1.126095   -0.126095 (VIOLATED)
ANTENNA__285__A0/DIODE                  1.000000    1.126093   -0.126093 (VIOLATED)
ANTENNA_output77_A/DIODE                1.000000    1.126061   -0.126061 (VIOLATED)
_221_/B                                 1.000000    1.124309   -0.124309 (VIOLATED)
ANTENNA__221__B/DIODE                   1.000000    1.124293   -0.124293 (VIOLATED)
hold129/A                               1.000000    1.124176   -0.124176 (VIOLATED)
ANTENNA_hold129_A/DIODE                 1.000000    1.124171   -0.124171 (VIOLATED)
ANTENNA__209__B1/DIODE                  1.000000    1.124097   -0.124097 (VIOLATED)
_209_/B1                                1.000000    1.124093   -0.124093 (VIOLATED)
_208_/B                                 1.000000    1.124066   -0.124066 (VIOLATED)
ANTENNA__208__B/DIODE                   1.000000    1.124060   -0.124060 (VIOLATED)
ANTENNA__302__Q/DIODE                   1.000000    1.124042   -0.124042 (VIOLATED)
_302_/Q                                 1.000000    1.124022   -0.124022 (VIOLATED)
wire136/A                               1.000000    1.123915   -0.123915 (VIOLATED)
ANTENNA_wire136_A/DIODE                 1.000000    1.123901   -0.123901 (VIOLATED)
_283_/A0                                1.000000    1.121482   -0.121482 (VIOLATED)
ANTENNA__283__A0/DIODE                  1.000000    1.121481   -0.121481 (VIOLATED)
ANTENNA__195__D/DIODE                   1.000000    1.121213   -0.121213 (VIOLATED)
_195_/D                                 1.000000    1.121214   -0.121214 (VIOLATED)
hold127/A                               1.000000    1.121157   -0.121157 (VIOLATED)
ANTENNA_hold127_A/DIODE                 1.000000    1.121144   -0.121144 (VIOLATED)
ANTENNA__300__Q/DIODE                   1.000000    1.121108   -0.121108 (VIOLATED)
_196_/B1                                1.000000    1.121102   -0.121102 (VIOLATED)
ANTENNA__196__B1/DIODE                  1.000000    1.121102   -0.121102 (VIOLATED)
_300_/Q                                 1.000000    1.121091   -0.121091 (VIOLATED)
_216_/A1                                1.000000    1.110605   -0.110605 (VIOLATED)
_199_/A1                                1.000000    1.110605   -0.110605 (VIOLATED)
ANTENNA__199__A1/DIODE                  1.000000    1.110604   -0.110604 (VIOLATED)
ANTENNA__216__A1/DIODE                  1.000000    1.110604   -0.110604 (VIOLATED)
_187_/A1                                1.000000    1.110600   -0.110600 (VIOLATED)
ANTENNA__187__A1/DIODE                  1.000000    1.110600   -0.110600 (VIOLATED)
_270_/A1                                1.000000    1.110599   -0.110599 (VIOLATED)
ANTENNA__191__A1/DIODE                  1.000000    1.110599   -0.110599 (VIOLATED)
ANTENNA__270__A1/DIODE                  1.000000    1.110599   -0.110599 (VIOLATED)
_191_/A1                                1.000000    1.110599   -0.110599 (VIOLATED)
_226_/A1                                1.000000    1.110597   -0.110597 (VIOLATED)
ANTENNA__226__A1/DIODE                  1.000000    1.110597   -0.110597 (VIOLATED)
ANTENNA__253__A1/DIODE                  1.000000    1.110597   -0.110597 (VIOLATED)
ANTENNA__265__A1/DIODE                  1.000000    1.110597   -0.110597 (VIOLATED)
ANTENNA_hold140_X/DIODE                 1.000000    1.110597   -0.110597 (VIOLATED)
_253_/A1                                1.000000    1.110597   -0.110597 (VIOLATED)
_265_/A1                                1.000000    1.110597   -0.110597 (VIOLATED)
hold140/X                               1.000000    1.110597   -0.110597 (VIOLATED)
_291_/A0                                1.000000    1.108758   -0.108758 (VIOLATED)
ANTENNA__291__A0/DIODE                  1.000000    1.108755   -0.108755 (VIOLATED)
_250_/B1                                1.000000    1.108265   -0.108265 (VIOLATED)
_248_/D                                 1.000000    1.108265   -0.108265 (VIOLATED)
ANTENNA__248__D/DIODE                   1.000000    1.108265   -0.108265 (VIOLATED)
ANTENNA__250__B1/DIODE                  1.000000    1.108265   -0.108265 (VIOLATED)
hold125/A                               1.000000    1.108258   -0.108258 (VIOLATED)
ANTENNA_hold125_A/DIODE                 1.000000    1.108258   -0.108258 (VIOLATED)
ANTENNA__308__Q/DIODE                   1.000000    1.108257   -0.108257 (VIOLATED)
_308_/Q                                 1.000000    1.108251   -0.108251 (VIOLATED)
_238_/A2                                1.000000    1.083437   -0.083437 (VIOLATED)
ANTENNA__238__A2/DIODE                  1.000000    1.083436   -0.083436 (VIOLATED)
ANTENNA_hold76_X/DIODE                  1.000000    1.083428   -0.083428 (VIOLATED)
hold76/X                                1.000000    1.083428   -0.083428 (VIOLATED)
_211_/A                                 1.000000    1.075597   -0.075597 (VIOLATED)
ANTENNA__211__A/DIODE                   1.000000    1.075596   -0.075596 (VIOLATED)
ANTENNA_hold2_X/DIODE                   1.000000    1.075591   -0.075591 (VIOLATED)
hold2/X                                 1.000000    1.075591   -0.075591 (VIOLATED)
_275_/B2                                1.000000    1.068542   -0.068542 (VIOLATED)
ANTENNA__275__B2/DIODE                  1.000000    1.068542   -0.068542 (VIOLATED)
ANTENNA_hold15_X/DIODE                  1.000000    1.068057   -0.068057 (VIOLATED)
hold15/X                                1.000000    1.068057   -0.068057 (VIOLATED)
wire135/A                               1.000000    1.035709   -0.035709 (VIOLATED)
ANTENNA_wire135_A/DIODE                 1.000000    1.035693   -0.035693 (VIOLATED)
_284_/A0                                1.000000    1.029890   -0.029890 (VIOLATED)
ANTENNA__284__A0/DIODE                  1.000000    1.029887   -0.029887 (VIOLATED)
_208_/A                                 1.000000    1.029300   -0.029300 (VIOLATED)
_209_/A1                                1.000000    1.029224   -0.029224 (VIOLATED)
ANTENNA__208__A/DIODE                   1.000000    1.029205   -0.029205 (VIOLATED)
ANTENNA__209__A1/DIODE                  1.000000    1.029198   -0.029198 (VIOLATED)
_221_/A                                 1.000000    1.029134   -0.029134 (VIOLATED)
ANTENNA__221__A/DIODE                   1.000000    1.029134   -0.029134 (VIOLATED)
_203_/A                                 1.000000    1.029083   -0.029083 (VIOLATED)
ANTENNA__203__A/DIODE                   1.000000    1.029074   -0.029074 (VIOLATED)
hold128/A                               1.000000    1.029038   -0.029038 (VIOLATED)
ANTENNA__301__Q/DIODE                   1.000000    1.029038   -0.029038 (VIOLATED)
ANTENNA_hold128_A/DIODE                 1.000000    1.029038   -0.029038 (VIOLATED)
_301_/Q                                 1.000000    1.029014   -0.029014 (VIOLATED)
_199_/B1                                1.000000    1.024894   -0.024894 (VIOLATED)
ANTENNA__199__B1/DIODE                  1.000000    1.024893   -0.024893 (VIOLATED)
ANTENNA_hold44_X/DIODE                  1.000000    1.024728   -0.024728 (VIOLATED)
hold44/X                                1.000000    1.024728   -0.024728 (VIOLATED)
_270_/B1                                1.000000    1.017974   -0.017974 (VIOLATED)
ANTENNA__270__B1/DIODE                  1.000000    1.017972   -0.017972 (VIOLATED)
ANTENNA_hold71_X/DIODE                  1.000000    1.017590   -0.017590 (VIOLATED)
hold71/X                                1.000000    1.017590   -0.017590 (VIOLATED)
output78/A                              1.000000    1.016765   -0.016765 (VIOLATED)
ANTENNA_output78_A/DIODE                1.000000    1.016739   -0.016739 (VIOLATED)
ANTENNA__258__C1/DIODE                  1.000000    1.007948   -0.007948 (VIOLATED)
_258_/C1                                1.000000    1.007948   -0.007948 (VIOLATED)
ANTENNA_hold21_X/DIODE                  1.000000    1.007631   -0.007631 (VIOLATED)
hold21/X                                1.000000    1.007631   -0.007631 (VIOLATED)
_292_/A0                                1.000000    1.006433   -0.006434 (VIOLATED)
ANTENNA__292__A0/DIODE                  1.000000    1.006432   -0.006432 (VIOLATED)
_260_/A                                 1.000000    1.006117   -0.006117 (VIOLATED)
_262_/A1                                1.000000    1.006117   -0.006117 (VIOLATED)
ANTENNA__260__A/DIODE                   1.000000    1.006117   -0.006117 (VIOLATED)
ANTENNA__262__A1/DIODE                  1.000000    1.006116   -0.006116 (VIOLATED)
hold126/A                               1.000000    1.006114   -0.006114 (VIOLATED)
_256_/A                                 1.000000    1.006114   -0.006114 (VIOLATED)
ANTENNA_hold126_A/DIODE                 1.000000    1.006114   -0.006114 (VIOLATED)
ANTENNA__256__A/DIODE                   1.000000    1.006113   -0.006113 (VIOLATED)
ANTENNA__309__Q/DIODE                   1.000000    1.006109   -0.006109 (VIOLATED)
_309_/Q                                 1.000000    1.006103   -0.006103 (VIOLATED)
_217_/A                                 1.000000    1.002243   -0.002243 (VIOLATED)
ANTENNA__217__A/DIODE                   1.000000    1.002238   -0.002238 (VIOLATED)
ANTENNA_hold170_X/DIODE                 1.000000    1.001880   -0.001880 (VIOLATED)
hold170/X                               1.000000    1.001880   -0.001880 (VIOLATED)

max fanout

Pin                                   Limit Fanout  Slack
---------------------------------------------------------
fanout124/X                              16     33    -17 (VIOLATED)
fanout125/X                              16     33    -17 (VIOLATED)
_159_/Y                                  16     29    -13 (VIOLATED)
_156_/X                                  16     27    -11 (VIOLATED)
_195_/X                                  16     23     -7 (VIOLATED)
_182_/X                                  16     21     -5 (VIOLATED)
clkbuf_2_2__f_clk/X                      16     21     -5 (VIOLATED)
_176_/Y                                  16     19     -3 (VIOLATED)
_297_/Q                                  16     19     -3 (VIOLATED)
clkbuf_2_1__f_clk/X                      16     19     -3 (VIOLATED)
clkbuf_2_3__f_clk/X                      16     19     -3 (VIOLATED)
clkbuf_2_0__f_clk/X                      16     17        (VIOLATED)
hold140/X                                16     17        (VIOLATED)
wire4/X                                  16     17        (VIOLATED)

max capacitance

Pin                                        Limit         Cap       Slack
------------------------------------------------------------------------
hold48/X                                0.100718    0.103787   -0.003069 (VIOLATED)



===========================================================================
report_parasitic_annotation -report_unannotated
============================================================================
Found 420 unannotated drivers.
 io_in[0]
 io_in[10]
 io_in[11]
 io_in[12]
 io_in[13]
 io_in[14]
 io_in[15]
 io_in[1]
 io_in[2]
 io_in[3]
 io_in[4]
 io_in[5]
 io_in[6]
 io_in[7]
 io_in[8]
 io_in[9]
 la_data_in[0]
 la_data_in[100]
 la_data_in[101]
 la_data_in[102]
 la_data_in[103]
 la_data_in[104]
 la_data_in[105]
 la_data_in[106]
 la_data_in[107]
 la_data_in[108]
 la_data_in[109]
 la_data_in[10]
 la_data_in[110]
 la_data_in[111]
 la_data_in[112]
 la_data_in[113]
 la_data_in[114]
 la_data_in[115]
 la_data_in[116]
 la_data_in[117]
 la_data_in[118]
 la_data_in[119]
 la_data_in[11]
 la_data_in[120]
 la_data_in[121]
 la_data_in[122]
 la_data_in[123]
 la_data_in[124]
 la_data_in[125]
 la_data_in[126]
 la_data_in[127]
 la_data_in[12]
 la_data_in[13]
 la_data_in[14]
 la_data_in[15]
 la_data_in[16]
 la_data_in[17]
 la_data_in[18]
 la_data_in[19]
 la_data_in[1]
 la_data_in[20]
 la_data_in[21]
 la_data_in[22]
 la_data_in[23]
 la_data_in[24]
 la_data_in[25]
 la_data_in[26]
 la_data_in[27]
 la_data_in[28]
 la_data_in[29]
 la_data_in[2]
 la_data_in[30]
 la_data_in[31]
 la_data_in[32]
 la_data_in[33]
 la_data_in[34]
 la_data_in[35]
 la_data_in[36]
 la_data_in[37]
 la_data_in[38]
 la_data_in[39]
 la_data_in[3]
 la_data_in[40]
 la_data_in[41]
 la_data_in[42]
 la_data_in[43]
 la_data_in[44]
 la_data_in[45]
 la_data_in[46]
 la_data_in[47]
 la_data_in[4]
 la_data_in[5]
 la_data_in[66]
 la_data_in[67]
 la_data_in[68]
 la_data_in[69]
 la_data_in[6]
 la_data_in[70]
 la_data_in[71]
 la_data_in[72]
 la_data_in[73]
 la_data_in[74]
 la_data_in[75]
 la_data_in[76]
 la_data_in[77]
 la_data_in[78]
 la_data_in[79]
 la_data_in[7]
 la_data_in[80]
 la_data_in[81]
 la_data_in[82]
 la_data_in[83]
 la_data_in[84]
 la_data_in[85]
 la_data_in[86]
 la_data_in[87]
 la_data_in[88]
 la_data_in[89]
 la_data_in[8]
 la_data_in[90]
 la_data_in[91]
 la_data_in[92]
 la_data_in[93]
 la_data_in[94]
 la_data_in[95]
 la_data_in[96]
 la_data_in[97]
 la_data_in[98]
 la_data_in[99]
 la_data_in[9]
 la_oenb[0]
 la_oenb[100]
 la_oenb[101]
 la_oenb[102]
 la_oenb[103]
 la_oenb[104]
 la_oenb[105]
 la_oenb[106]
 la_oenb[107]
 la_oenb[108]
 la_oenb[109]
 la_oenb[10]
 la_oenb[110]
 la_oenb[111]
 la_oenb[112]
 la_oenb[113]
 la_oenb[114]
 la_oenb[115]
 la_oenb[116]
 la_oenb[117]
 la_oenb[118]
 la_oenb[119]
 la_oenb[11]
 la_oenb[120]
 la_oenb[121]
 la_oenb[122]
 la_oenb[123]
 la_oenb[124]
 la_oenb[125]
 la_oenb[126]
 la_oenb[127]
 la_oenb[12]
 la_oenb[13]
 la_oenb[14]
 la_oenb[15]
 la_oenb[16]
 la_oenb[17]
 la_oenb[18]
 la_oenb[19]
 la_oenb[1]
 la_oenb[20]
 la_oenb[21]
 la_oenb[22]
 la_oenb[23]
 la_oenb[24]
 la_oenb[25]
 la_oenb[26]
 la_oenb[27]
 la_oenb[28]
 la_oenb[29]
 la_oenb[2]
 la_oenb[30]
 la_oenb[31]
 la_oenb[32]
 la_oenb[33]
 la_oenb[34]
 la_oenb[35]
 la_oenb[36]
 la_oenb[37]
 la_oenb[38]
 la_oenb[39]
 la_oenb[3]
 la_oenb[40]
 la_oenb[41]
 la_oenb[42]
 la_oenb[43]
 la_oenb[44]
 la_oenb[45]
 la_oenb[46]
 la_oenb[47]
 la_oenb[4]
 la_oenb[5]
 la_oenb[66]
 la_oenb[67]
 la_oenb[68]
 la_oenb[69]
 la_oenb[6]
 la_oenb[70]
 la_oenb[71]
 la_oenb[72]
 la_oenb[73]
 la_oenb[74]
 la_oenb[75]
 la_oenb[76]
 la_oenb[77]
 la_oenb[78]
 la_oenb[79]
 la_oenb[7]
 la_oenb[80]
 la_oenb[81]
 la_oenb[82]
 la_oenb[83]
 la_oenb[84]
 la_oenb[85]
 la_oenb[86]
 la_oenb[87]
 la_oenb[88]
 la_oenb[89]
 la_oenb[8]
 la_oenb[90]
 la_oenb[91]
 la_oenb[92]
 la_oenb[93]
 la_oenb[94]
 la_oenb[95]
 la_oenb[96]
 la_oenb[97]
 la_oenb[98]
 la_oenb[99]
 la_oenb[9]
 wbs_adr_i[0]
 wbs_adr_i[10]
 wbs_adr_i[11]
 wbs_adr_i[12]
 wbs_adr_i[13]
 wbs_adr_i[14]
 wbs_adr_i[15]
 wbs_adr_i[16]
 wbs_adr_i[17]
 wbs_adr_i[18]
 wbs_adr_i[19]
 wbs_adr_i[1]
 wbs_adr_i[20]
 wbs_adr_i[21]
 wbs_adr_i[22]
 wbs_adr_i[23]
 wbs_adr_i[24]
 wbs_adr_i[25]
 wbs_adr_i[26]
 wbs_adr_i[27]
 wbs_adr_i[28]
 wbs_adr_i[29]
 wbs_adr_i[2]
 wbs_adr_i[30]
 wbs_adr_i[31]
 wbs_adr_i[3]
 wbs_adr_i[4]
 wbs_adr_i[5]
 wbs_adr_i[6]
 wbs_adr_i[7]
 wbs_adr_i[8]
 wbs_adr_i[9]
 wbs_dat_i[16]
 wbs_dat_i[17]
 wbs_dat_i[18]
 wbs_dat_i[19]
 wbs_dat_i[20]
 wbs_dat_i[21]
 wbs_dat_i[22]
 wbs_dat_i[23]
 wbs_dat_i[24]
 wbs_dat_i[25]
 wbs_dat_i[26]
 wbs_dat_i[27]
 wbs_dat_i[28]
 wbs_dat_i[29]
 wbs_dat_i[30]
 wbs_dat_i[31]
 wbs_sel_i[2]
 wbs_sel_i[3]
 clkload0/X
 clkload1/X
 clkload2/X
 user_proj_example_141/HI
 user_proj_example_142/HI
 user_proj_example_143/HI
 user_proj_example_144/HI
 user_proj_example_145/HI
 user_proj_example_146/HI
 user_proj_example_147/HI
 user_proj_example_148/HI
 user_proj_example_149/HI
 user_proj_example_150/HI
 user_proj_example_151/HI
 user_proj_example_152/HI
 user_proj_example_153/HI
 user_proj_example_154/HI
 user_proj_example_155/HI
 user_proj_example_156/HI
 user_proj_example_157/HI
 user_proj_example_158/HI
 user_proj_example_159/HI
 user_proj_example_160/HI
 user_proj_example_161/HI
 user_proj_example_162/HI
 user_proj_example_163/HI
 user_proj_example_164/HI
 user_proj_example_165/HI
 user_proj_example_166/HI
 user_proj_example_167/HI
 user_proj_example_168/HI
 user_proj_example_169/HI
 user_proj_example_170/HI
 user_proj_example_171/HI
 user_proj_example_172/HI
 user_proj_example_173/HI
 user_proj_example_174/HI
 user_proj_example_175/HI
 user_proj_example_176/HI
 user_proj_example_177/HI
 user_proj_example_178/HI
 user_proj_example_179/HI
 user_proj_example_180/HI
 user_proj_example_181/HI
 user_proj_example_182/HI
 user_proj_example_183/HI
 user_proj_example_184/HI
 user_proj_example_185/HI
 user_proj_example_186/HI
 user_proj_example_187/HI
 user_proj_example_188/HI
 user_proj_example_189/HI
 user_proj_example_190/HI
 user_proj_example_191/HI
 user_proj_example_192/HI
 user_proj_example_193/HI
 user_proj_example_194/HI
 user_proj_example_195/HI
 user_proj_example_196/HI
 user_proj_example_197/HI
 user_proj_example_198/HI
 user_proj_example_199/HI
 user_proj_example_200/HI
 user_proj_example_201/HI
 user_proj_example_202/HI
 user_proj_example_203/HI
 user_proj_example_204/HI
 user_proj_example_205/HI
 user_proj_example_206/HI
 user_proj_example_207/HI
 user_proj_example_208/HI
 user_proj_example_209/HI
 user_proj_example_210/HI
 user_proj_example_211/HI
 user_proj_example_212/HI
 user_proj_example_213/HI
 user_proj_example_214/HI
 user_proj_example_215/HI
 user_proj_example_216/HI
 user_proj_example_217/HI
 user_proj_example_218/HI
 user_proj_example_219/HI
 user_proj_example_220/HI
 user_proj_example_221/HI
 user_proj_example_222/HI
 user_proj_example_223/HI
 user_proj_example_224/HI
 user_proj_example_225/HI
 user_proj_example_226/HI
 user_proj_example_227/HI
 user_proj_example_228/HI
 user_proj_example_229/HI
 user_proj_example_230/HI
 user_proj_example_231/HI
 user_proj_example_232/HI
 user_proj_example_233/HI
 user_proj_example_234/HI
 user_proj_example_235/HI
 user_proj_example_236/HI
 user_proj_example_237/HI
 user_proj_example_238/HI
 user_proj_example_239/HI
 user_proj_example_240/HI
 user_proj_example_241/HI
 user_proj_example_242/HI
 user_proj_example_243/HI
 user_proj_example_244/HI
 user_proj_example_245/HI
 user_proj_example_246/HI
 user_proj_example_247/HI
 user_proj_example_248/HI
 user_proj_example_249/HI
 user_proj_example_250/HI
 user_proj_example_251/HI
 user_proj_example_252/HI
 user_proj_example_253/HI
 user_proj_example_254/HI
 user_proj_example_255/HI
 user_proj_example_256/HI
 user_proj_example_257/HI
 user_proj_example_258/HI
 user_proj_example_259/HI
 user_proj_example_260/HI
 user_proj_example_261/HI
 user_proj_example_262/HI
 user_proj_example_263/HI
 user_proj_example_264/HI
 user_proj_example_265/HI
 user_proj_example_266/HI
 user_proj_example_267/HI
 user_proj_example_268/HI
 user_proj_example_269/HI
 user_proj_example_270/HI
 user_proj_example_271/HI
Found 0 partially unannotated drivers.

===========================================================================
max slew violation count 174
max fanout violation count 14
max cap violation count 1
============================================================================

===========================================================================
check_setup -verbose -unconstrained_endpoints -multiple_clock -no_clock -no_input_delay -loops -generated_clocks
===========================================================================
Warning: There are 16 input ports missing set_input_delay.
  io_in[0]
  io_in[10]
  io_in[11]
  io_in[12]
  io_in[13]
  io_in[14]
  io_in[15]
  io_in[1]
  io_in[2]
  io_in[3]
  io_in[4]
  io_in[5]
  io_in[6]
  io_in[7]
  io_in[8]
  io_in[9]
Warning: There are 163 unconstrained endpoints.
  io_oeb[0]
  io_oeb[10]
  io_oeb[11]
  io_oeb[12]
  io_oeb[13]
  io_oeb[14]
  io_oeb[15]
  io_oeb[1]
  io_oeb[2]
  io_oeb[3]
  io_oeb[4]
  io_oeb[5]
  io_oeb[6]
  io_oeb[7]
  io_oeb[8]
  io_oeb[9]
  io_out[0]
  io_out[10]
  io_out[11]
  io_out[12]
  io_out[13]
  io_out[14]
  io_out[15]
  io_out[1]
  io_out[2]
  io_out[3]
  io_out[4]
  io_out[5]
  io_out[6]
  io_out[7]
  io_out[8]
  io_out[9]
  irq[0]
  irq[1]
  irq[2]
  la_data_out[100]
  la_data_out[101]
  la_data_out[102]
  la_data_out[103]
  la_data_out[104]
  la_data_out[105]
  la_data_out[106]
  la_data_out[107]
  la_data_out[108]
  la_data_out[109]
  la_data_out[110]
  la_data_out[111]
  la_data_out[112]
  la_data_out[113]
  la_data_out[114]
  la_data_out[115]
  la_data_out[116]
  la_data_out[117]
  la_data_out[118]
  la_data_out[119]
  la_data_out[120]
  la_data_out[121]
  la_data_out[122]
  la_data_out[123]
  la_data_out[124]
  la_data_out[125]
  la_data_out[126]
  la_data_out[127]
  la_data_out[16]
  la_data_out[17]
  la_data_out[18]
  la_data_out[19]
  la_data_out[20]
  la_data_out[21]
  la_data_out[22]
  la_data_out[23]
  la_data_out[24]
  la_data_out[25]
  la_data_out[26]
  la_data_out[27]
  la_data_out[28]
  la_data_out[29]
  la_data_out[30]
  la_data_out[31]
  la_data_out[32]
  la_data_out[33]
  la_data_out[34]
  la_data_out[35]
  la_data_out[36]
  la_data_out[37]
  la_data_out[38]
  la_data_out[39]
  la_data_out[40]
  la_data_out[41]
  la_data_out[42]
  la_data_out[43]
  la_data_out[44]
  la_data_out[45]
  la_data_out[46]
  la_data_out[47]
  la_data_out[48]
  la_data_out[49]
  la_data_out[50]
  la_data_out[51]
  la_data_out[52]
  la_data_out[53]
  la_data_out[54]
  la_data_out[55]
  la_data_out[56]
  la_data_out[57]
  la_data_out[58]
  la_data_out[59]
  la_data_out[60]
  la_data_out[61]
  la_data_out[62]
  la_data_out[63]
  la_data_out[64]
  la_data_out[65]
  la_data_out[66]
  la_data_out[67]
  la_data_out[68]
  la_data_out[69]
  la_data_out[70]
  la_data_out[71]
  la_data_out[72]
  la_data_out[73]
  la_data_out[74]
  la_data_out[75]
  la_data_out[76]
  la_data_out[77]
  la_data_out[78]
  la_data_out[79]
  la_data_out[80]
  la_data_out[81]
  la_data_out[82]
  la_data_out[83]
  la_data_out[84]
  la_data_out[85]
  la_data_out[86]
  la_data_out[87]
  la_data_out[88]
  la_data_out[89]
  la_data_out[90]
  la_data_out[91]
  la_data_out[92]
  la_data_out[93]
  la_data_out[94]
  la_data_out[95]
  la_data_out[96]
  la_data_out[97]
  la_data_out[98]
  la_data_out[99]
  wbs_dat_o[16]
  wbs_dat_o[17]
  wbs_dat_o[18]
  wbs_dat_o[19]
  wbs_dat_o[20]
  wbs_dat_o[21]
  wbs_dat_o[22]
  wbs_dat_o[23]
  wbs_dat_o[24]
  wbs_dat_o[25]
  wbs_dat_o[26]
  wbs_dat_o[27]
  wbs_dat_o[28]
  wbs_dat_o[29]
  wbs_dat_o[30]
  wbs_dat_o[31]
