Clock: clk
Sources: wb_clk_i 
Generated: no
Virtual: yes
Propagated: no
Period: 25.000000

===========================================================================
report_clock_properties
============================================================================
Clock                   Period          Waveform
----------------------------------------------------
clk                  25.000000    0.000000 12.500000

===========================================================================
report_clock_latency
============================================================================
Clock clk
rise -> rise
    min     max
4.650000 5.570000 source latency
6.403152         network latency _328_/CLK
        9.316909 network latency _305_/CLK
---------------
11.053151 14.886909 latency
        3.833756 skew

rise -> fall
    min     max
4.650000 5.570000 source latency
6.366380         network latency _328_/CLK
        9.312380 network latency _305_/CLK
---------------
11.016380 14.882380 latency
        3.866000 skew

fall -> fall
    min     max
4.650000 5.570000 source latency
6.496917         network latency _328_/CLK
        7.426708 network latency _305_/CLK
---------------
11.146916 12.996708 latency
        1.849792 skew



===========================================================================
report_clock_min_period
============================================================================
clk period_min = 5.48 fmax = 182.64
