
===========================================================================
 report_power
============================================================================
======================= min_ss_100C_1v60 Corner ===================================

Group                    Internal    Switching      Leakage        Total
                            Power        Power        Power        Power (Watts)
------------------------------------------------------------------------
Sequential           2.904808e-05 2.633182e-05 5.104404e-07 5.589034e-05  13.3%
Combinational        8.208605e-05 2.163509e-04 3.839341e-06 3.022763e-04  71.7%
Clock                2.461669e-05 3.840392e-05 1.530292e-07 6.317364e-05  15.0%
Macro                0.000000e+00 0.000000e+00 0.000000e+00 0.000000e+00   0.0%
Pad                  0.000000e+00 0.000000e+00 0.000000e+00 0.000000e+00   0.0%
------------------------------------------------------------------------
Total                1.357508e-04 2.810867e-04 4.502832e-06 4.213403e-04 100.0%
                            32.2%        66.7%         1.1%

