
===========================================================================
 report_power
============================================================================
======================= max_ss_100C_1v60 Corner ===================================

Group                    Internal    Switching      Leakage        Total
                            Power        Power        Power        Power (Watts)
------------------------------------------------------------------------
Sequential           2.903494e-05 2.930423e-05 5.104404e-07 5.884961e-05  13.7%
Combinational        8.190629e-05 2.169670e-04 3.839341e-06 3.027127e-04  70.5%
Clock                2.463914e-05 4.285167e-05 1.530292e-07 6.764384e-05  15.8%
Macro                0.000000e+00 0.000000e+00 0.000000e+00 0.000000e+00   0.0%
Pad                  0.000000e+00 0.000000e+00 0.000000e+00 0.000000e+00   0.0%
------------------------------------------------------------------------
Total                1.355804e-04 2.891229e-04 4.502832e-06 4.292061e-04 100.0%
                            31.6%        67.4%         1.0%

