Clock: clk
Sources: wb_clk_i 
Generated: no
Virtual: yes
Propagated: no
Period: 25.000000

===========================================================================
report_clock_properties
============================================================================
Clock                   Period          Waveform
----------------------------------------------------
clk                  25.000000    0.000000 12.500000

===========================================================================
report_clock_latency
============================================================================
Clock clk
rise -> rise
    min     max
4.650000 5.570000 source latency
5.773796         network latency _328_/CLK
        8.776527 network latency _305_/CLK
---------------
10.423797 14.346528 latency
        3.922732 skew

rise -> fall
    min     max
4.650000 5.570000 source latency
5.860782         network latency _328_/CLK
        8.763387 network latency _305_/CLK
---------------
10.510782 14.333386 latency
        3.822605 skew

fall -> fall
    min     max
4.650000 5.570000 source latency
5.907524         network latency _328_/CLK
        6.838498 network latency _305_/CLK
---------------
10.557523 12.408498 latency
        1.850975 skew



===========================================================================
report_clock_min_period
============================================================================
clk period_min = 3.66 fmax = 273.11
