
===========================================================================
 report_power
============================================================================
======================= max_ss_100C_1v60 Corner ===================================

Group                    Internal    Switching      Leakage        Total
                            Power        Power        Power        Power (Watts)
------------------------------------------------------------------------
Sequential           2.903494e-05 2.930423e-05 5.104404e-07 5.884961e-05  13.4%
Combinational        8.203297e-05 2.277471e-04 3.839341e-06 3.136194e-04  71.3%
Clock                2.463859e-05 4.285167e-05 1.530292e-07 6.764329e-05  15.4%
Macro                0.000000e+00 0.000000e+00 0.000000e+00 0.000000e+00   0.0%
Pad                  0.000000e+00 0.000000e+00 0.000000e+00 0.000000e+00   0.0%
------------------------------------------------------------------------
Total                1.357065e-04 2.999030e-04 4.502832e-06 4.401123e-04 100.0%
                            30.8%        68.1%         1.0%

