
===========================================================================
 report_power
============================================================================
======================= max_tt_025C_1v80 Corner ===================================

Group                    Internal    Switching      Leakage        Total
                            Power        Power        Power        Power (Watts)
------------------------------------------------------------------------
Sequential           3.688020e-05 3.715193e-05 2.838373e-10 7.403241e-05  13.5%
Combinational        1.020918e-04 2.883485e-04 3.073229e-09 3.904434e-04  71.1%
Clock                3.016737e-05 5.416015e-05 4.242312e-09 8.433177e-05  15.4%
Macro                0.000000e+00 0.000000e+00 0.000000e+00 0.000000e+00   0.0%
Pad                  0.000000e+00 0.000000e+00 0.000000e+00 0.000000e+00   0.0%
------------------------------------------------------------------------
Total                1.691394e-04 3.796606e-04 7.599371e-09 5.488077e-04 100.0%
                            30.8%        69.2%         0.0%

