┏━━━━━━━━━━━━━━━━━━━━━━┳━━━━━━━━━━┳━━━━━━━━━━┳━━━━━━━━━━┳━━━━━━━━━━┳━━━━━━━━━━━┳━━━━━━━━━━┳━━━━━━━━━━━┳━━━━━━━━━━┳━━━━━━━━━━━┳━━━━━━━━━━┳━━━━━━━━━━━┳━━━━━━━━━━┓
┃                      ┃ Hold     ┃ Reg to   ┃          ┃          ┃ of which  ┃ Setup    ┃           ┃          ┃           ┃ of which ┃           ┃          ┃
┃                      ┃ Worst    ┃ Reg      ┃          ┃ Hold Vio ┃ reg to    ┃ Worst    ┃ Reg to    ┃ Setup    ┃ Setup Vio ┃ reg to   ┃ Max Cap   ┃ Max Slew ┃
┃ Corner/Group         ┃ Slack    ┃ Paths    ┃ Hold TNS ┃ Count    ┃ reg       ┃ Slack    ┃ Reg Paths ┃ TNS      ┃ Count     ┃ reg      ┃ Violatio… ┃ Violati… ┃
┡━━━━━━━━━━━━━━━━━━━━━━╇━━━━━━━━━━╇━━━━━━━━━━╇━━━━━━━━━━╇━━━━━━━━━━╇━━━━━━━━━━━╇━━━━━━━━━━╇━━━━━━━━━━━╇━━━━━━━━━━╇━━━━━━━━━━━╇━━━━━━━━━━╇━━━━━━━━━━━╇━━━━━━━━━━┩
│ Overall              │ 0.2437   │ 0.5713   │ 0.0000   │ 0        │ 0         │ 2.3932   │ N/A       │ 0.0000   │ 0         │ 0        │ 1         │ 4        │
│ nom_tt_025C_1v80     │ 0.3480   │ 1.0195   │ 0.0000   │ 0        │ 0         │ 7.0605   │ N/A       │ 0.0000   │ 0         │ 0        │ 0         │ 0        │
│ nom_ss_100C_1v60     │ 1.0255   │ 2.2356   │ 0.0000   │ 0        │ 0         │ 2.4249   │ N/A       │ 0.0000   │ 0         │ 0        │ 1         │ 4        │
│ nom_ff_n40C_1v95     │ 0.2570   │ 0.5870   │ 0.0000   │ 0        │ 0         │ 8.4320   │ N/A       │ 0.0000   │ 0         │ 0        │ 0         │ 0        │
│ min_tt_025C_1v80     │ 0.4135   │ 0.9920   │ 0.0000   │ 0        │ 0         │ 7.0881   │ N/A       │ 0.0000   │ 0         │ 0        │ 0         │ 0        │
│ min_ss_100C_1v60     │ 1.1417   │ 2.1801   │ 0.0000   │ 0        │ 0         │ 2.4950   │ N/A       │ 0.0000   │ 0         │ 0        │ 0         │ 0        │
│ min_ff_n40C_1v95     │ 0.3005   │ 0.5713   │ 0.0000   │ 0        │ 0         │ 8.4537   │ N/A       │ 0.0000   │ 0         │ 0        │ 0         │ 0        │
│ max_tt_025C_1v80     │ 0.3315   │ 1.0268   │ 0.0000   │ 0        │ 0         │ 7.0531   │ N/A       │ 0.0000   │ 0         │ 0        │ 0         │ 0        │
│ max_ss_100C_1v60     │ 1.0000   │ 2.2507   │ 0.0000   │ 0        │ 0         │ 2.3932   │ N/A       │ 0.0000   │ 0         │ 0        │ 1         │ 4        │
│ max_ff_n40C_1v95     │ 0.2437   │ 0.5918   │ 0.0000   │ 0        │ 0         │ 8.4210   │ N/A       │ 0.0000   │ 0         │ 0        │ 0         │ 0        │
└──────────────────────┴──────────┴──────────┴──────────┴──────────┴───────────┴──────────┴───────────┴──────────┴───────────┴──────────┴───────────┴──────────┘
