
===========================================================================
 report_power
============================================================================
======================= min_tt_025C_1v80 Corner ===================================

Group                    Internal    Switching      Leakage        Total
                            Power        Power        Power        Power (Watts)
------------------------------------------------------------------------
Sequential           3.690075e-05 3.338997e-05 2.838373e-10 7.029100e-05  13.4%
Combinational        1.019759e-04 2.739251e-04 3.073229e-09 3.759041e-04  71.6%
Clock                3.011068e-05 4.853097e-05 4.242312e-09 7.864588e-05  15.0%
Macro                0.000000e+00 0.000000e+00 0.000000e+00 0.000000e+00   0.0%
Pad                  0.000000e+00 0.000000e+00 0.000000e+00 0.000000e+00   0.0%
------------------------------------------------------------------------
Total                1.689873e-04 3.558461e-04 7.599371e-09 5.248411e-04 100.0%
                            32.2%        67.8%         0.0%

