Clock: clk
Sources: wb_clk_i 
Generated: no
Virtual: yes
Propagated: no
Period: 25.000000

===========================================================================
report_clock_properties
============================================================================
Clock                   Period          Waveform
----------------------------------------------------
clk                  25.000000    0.000000 12.500000

===========================================================================
report_clock_latency
============================================================================
Clock clk
rise -> rise
    min     max
4.650000 5.570000 source latency
5.793144         network latency _328_/CLK
        8.802826 network latency _305_/CLK
---------------
10.443145 14.372827 latency
        3.929682 skew

rise -> fall
    min     max
4.650000 5.570000 source latency
5.886471         network latency _328_/CLK
        8.789217 network latency _305_/CLK
---------------
10.536470 14.359217 latency
        3.822746 skew

fall -> fall
    min     max
4.650000 5.570000 source latency
5.926150         network latency _328_/CLK
        6.861967 network latency _305_/CLK
---------------
10.576150 12.431967 latency
        1.855817 skew



===========================================================================
report_clock_min_period
============================================================================
clk period_min = 3.67 fmax = 272.16
