
===========================================================================
 report_power
============================================================================
======================= min_tt_025C_1v80 Corner ===================================

Group                    Internal    Switching      Leakage        Total
                            Power        Power        Power        Power (Watts)
------------------------------------------------------------------------
Sequential           3.690075e-05 3.338997e-05 2.838373e-10 7.029100e-05  13.7%
Combinational        1.018172e-04 2.622666e-04 3.073229e-09 3.640869e-04  71.0%
Clock                3.011071e-05 4.853097e-05 4.242312e-09 7.864592e-05  15.3%
Macro                0.000000e+00 0.000000e+00 0.000000e+00 0.000000e+00   0.0%
Pad                  0.000000e+00 0.000000e+00 0.000000e+00 0.000000e+00   0.0%
------------------------------------------------------------------------
Total                1.688287e-04 3.441875e-04 7.599371e-09 5.130239e-04 100.0%
                            32.9%        67.1%         0.0%

