
===========================================================================
 report_power
============================================================================
======================= min_ss_100C_1v60 Corner ===================================

Group                    Internal    Switching      Leakage        Total
                            Power        Power        Power        Power (Watts)
------------------------------------------------------------------------
Sequential           2.904808e-05 2.633182e-05 5.104404e-07 5.589034e-05  13.6%
Combinational        8.197700e-05 2.071392e-04 3.839341e-06 2.929556e-04  71.1%
Clock                2.461694e-05 3.840392e-05 1.530292e-07 6.317389e-05  15.3%
Macro                0.000000e+00 0.000000e+00 0.000000e+00 0.000000e+00   0.0%
Pad                  0.000000e+00 0.000000e+00 0.000000e+00 0.000000e+00   0.0%
------------------------------------------------------------------------
Total                1.356420e-04 2.718751e-04 4.502832e-06 4.120198e-04 100.0%
                            32.9%        66.0%         1.1%

