┏━━━━━━━━━━━━━━━━━━━━━━┳━━━━━━━━━━┳━━━━━━━━━━┳━━━━━━━━━━┳━━━━━━━━━━┳━━━━━━━━━━━┳━━━━━━━━━━┳━━━━━━━━━━━┳━━━━━━━━━━┳━━━━━━━━━━━┳━━━━━━━━━━┳━━━━━━━━━━━┳━━━━━━━━━━┓
┃                      ┃ Hold     ┃ Reg to   ┃          ┃          ┃ of which  ┃ Setup    ┃           ┃          ┃           ┃ of which ┃           ┃          ┃
┃                      ┃ Worst    ┃ Reg      ┃          ┃ Hold Vio ┃ reg to    ┃ Worst    ┃ Reg to    ┃ Setup    ┃ Setup Vio ┃ reg to   ┃ Max Cap   ┃ Max Slew ┃
┃ Corner/Group         ┃ Slack    ┃ Paths    ┃ Hold TNS ┃ Count    ┃ reg       ┃ Slack    ┃ Reg Paths ┃ TNS      ┃ Count     ┃ reg      ┃ Violatio… ┃ Violati… ┃
┡━━━━━━━━━━━━━━━━━━━━━━╇━━━━━━━━━━╇━━━━━━━━━━╇━━━━━━━━━━╇━━━━━━━━━━╇━━━━━━━━━━━╇━━━━━━━━━━╇━━━━━━━━━━━╇━━━━━━━━━━╇━━━━━━━━━━━╇━━━━━━━━━━╇━━━━━━━━━━━╇━━━━━━━━━━┩
│ Overall              │ 0.2434   │ 0.5713   │ 0.0000   │ 0        │ 0         │ 2.3919   │ N/A       │ 0.0000   │ 0         │ 0        │ 1         │ 192      │
│ nom_tt_025C_1v80     │ 0.3479   │ 1.0195   │ 0.0000   │ 0        │ 0         │ 7.0600   │ N/A       │ 0.0000   │ 0         │ 0        │ 0         │ 4        │
│ nom_ss_100C_1v60     │ 1.0258   │ 2.2356   │ 0.0000   │ 0        │ 0         │ 2.4240   │ N/A       │ 0.0000   │ 0         │ 0        │ 1         │ 174      │
│ nom_ff_n40C_1v95     │ 0.2567   │ 0.5870   │ 0.0000   │ 0        │ 0         │ 8.4319   │ N/A       │ 0.0000   │ 0         │ 0        │ 0         │ 0        │
│ min_tt_025C_1v80     │ 0.4133   │ 0.9920   │ 0.0000   │ 0        │ 0         │ 7.0878   │ N/A       │ 0.0000   │ 0         │ 0        │ 0         │ 0        │
│ min_ss_100C_1v60     │ 1.1417   │ 2.1801   │ 0.0000   │ 0        │ 0         │ 2.4944   │ N/A       │ 0.0000   │ 0         │ 0        │ 0         │ 120      │
│ min_ff_n40C_1v95     │ 0.3001   │ 0.5713   │ 0.0000   │ 0        │ 0         │ 8.4537   │ N/A       │ 0.0000   │ 0         │ 0        │ 0         │ 0        │
│ max_tt_025C_1v80     │ 0.3315   │ 1.0268   │ 0.0000   │ 0        │ 0         │ 7.0524   │ N/A       │ 0.0000   │ 0         │ 0        │ 0         │ 12       │
│ max_ss_100C_1v60     │ 1.0006   │ 2.2507   │ 0.0000   │ 0        │ 0         │ 2.3919   │ N/A       │ 0.0000   │ 0         │ 0        │ 1         │ 192      │
│ max_ff_n40C_1v95     │ 0.2434   │ 0.5918   │ 0.0000   │ 0        │ 0         │ 8.4208   │ N/A       │ 0.0000   │ 0         │ 0        │ 0         │ 0        │
└──────────────────────┴──────────┴──────────┴──────────┴──────────┴───────────┴──────────┴───────────┴──────────┴───────────┴──────────┴───────────┴──────────┘
