
===========================================================================
 report_power
============================================================================
======================= nom_ss_100C_1v60 Corner ===================================

Group                    Internal    Switching      Leakage        Total
                            Power        Power        Power        Power (Watts)
------------------------------------------------------------------------
Sequential           2.903947e-05 2.845125e-05 5.104404e-07 5.800116e-05  13.3%
Combinational        8.205646e-05 2.242940e-04 3.839341e-06 3.101898e-04  71.3%
Clock                2.463192e-05 4.180037e-05 1.530292e-07 6.658531e-05  15.3%
Macro                0.000000e+00 0.000000e+00 0.000000e+00 0.000000e+00   0.0%
Pad                  0.000000e+00 0.000000e+00 0.000000e+00 0.000000e+00   0.0%
------------------------------------------------------------------------
Total                1.357278e-04 2.945458e-04 4.502832e-06 4.347765e-04 100.0%
                            31.2%        67.7%         1.0%

